{"width":256,"imagePath":"golen_tex.png","height":128,"name":"golen","SubTexture":[{"width":47,"y":1,"height":49,"name":"golden","x":1},{"frameY":-1,"y":103,"frameWidth":47,"frameX":-1,"frameHeight":49,"width":15,"height":15,"name":"light2","x":28},{"frameY":0,"y":1,"frameWidth":47,"frameX":0,"frameHeight":49,"width":43,"height":43,"name":"light7","x":95},{"frameY":-3,"y":1,"frameWidth":47,"frameX":-3,"frameHeight":49,"width":40,"height":40,"name":"light12","x":184},{"width":47,"y":52,"height":49,"name":"light1","x":1},{"frameY":0,"y":43,"frameWidth":47,"frameX":0,"frameHeight":49,"width":40,"height":40,"name":"light6","x":184},{"frameY":-1,"y":1,"frameWidth":47,"frameX":-1,"frameHeight":49,"width":42,"height":42,"name":"light11","x":140},{"frameY":-28,"y":112,"frameWidth":47,"frameX":-28,"frameHeight":49,"width":14,"height":14,"name":"light16","x":210},{"frameY":0,"y":45,"frameWidth":47,"frameX":0,"frameHeight":49,"width":37,"height":37,"name":"light5","x":140},{"frameY":0,"y":1,"frameWidth":47,"frameX":0,"frameHeight":49,"width":43,"height":43,"name":"light10","x":50},{"frameY":-19,"y":103,"frameWidth":47,"frameX":-18,"frameHeight":49,"width":25,"height":24,"name":"light15","x":1},{"frameY":0,"y":91,"frameWidth":47,"frameX":0,"frameHeight":49,"width":32,"height":32,"name":"light4","x":50},{"frameY":0,"y":46,"frameWidth":47,"frameX":0,"frameHeight":49,"width":43,"height":43,"name":"light9","x":50},{"frameY":-12,"y":91,"frameWidth":47,"frameX":-11,"frameHeight":49,"width":32,"height":31,"name":"light14","x":84},{"frameY":0,"y":85,"frameWidth":47,"frameX":0,"frameHeight":49,"width":25,"height":25,"name":"light3","x":210},{"frameY":0,"y":46,"frameWidth":47,"frameX":0,"frameHeight":49,"width":43,"height":43,"name":"light8","x":95},{"frameY":-7,"y":84,"frameWidth":47,"frameX":-7,"frameHeight":49,"width":36,"height":36,"name":"light13","x":140},{"frameY":-2,"y":85,"frameWidth":30,"frameX":0,"frameHeight":30,"width":30,"height":27,"name":"light","x":178}]}